--- Logging error ---
Traceback (most recent call last):
  File "E:\_projectsGithub\ALAS\alas_wrapped\.venv\lib\site-packages\rich\logging.py", line 154, in emit
    self.console.print(log_renderable)
  File "E:\_projectsGithub\ALAS\alas_wrapped\.venv\lib\site-packages\rich\console.py", line 1637, in print
    self._buffer.extend(new_segments)
  File "E:\_projectsGithub\ALAS\alas_wrapped\.venv\lib\site-packages\rich\console.py", line 837, in __exit__
    self._exit_buffer()
  File "E:\_projectsGithub\ALAS\alas_wrapped\.venv\lib\site-packages\rich\console.py", line 795, in _exit_buffer
    self._check_buffer()
  File "E:\_projectsGithub\ALAS\alas_wrapped\.venv\lib\site-packages\rich\console.py", line 1927, in _check_buffer
    write(line)
  File "C:\Users\pmacl\AppData\Roaming\uv\python\cpython-3.9.23-windows-x86_64-none\lib\encodings\cp1252.py", line 19, in encode
    return codecs.charmap_encode(input,self.errors,encoding_table)[0]
UnicodeEncodeError: 'charmap' codec can't encode character '\u2502' in position 33: character maps to <undefined>
*** You may need to add PYTHONIOENCODING=utf-8 to your environment ***
Call stack:
  File "<string>", line 1, in <module>
  File "C:\Users\pmacl\AppData\Roaming\uv\python\cpython-3.9.23-windows-x86_64-none\lib\multiprocessing\spawn.py", line 116, in spawn_main
    exitcode = _main(fd, parent_sentinel)
  File "C:\Users\pmacl\AppData\Roaming\uv\python\cpython-3.9.23-windows-x86_64-none\lib\multiprocessing\spawn.py", line 129, in _main
    return self._bootstrap(parent_sentinel)
  File "C:\Users\pmacl\AppData\Roaming\uv\python\cpython-3.9.23-windows-x86_64-none\lib\multiprocessing\process.py", line 315, in _bootstrap
    self.run()
  File "C:\Users\pmacl\AppData\Roaming\uv\python\cpython-3.9.23-windows-x86_64-none\lib\multiprocessing\process.py", line 108, in run
    self._target(*self._args, **self._kwargs)
  File "E:\_projectsGithub\ALAS\alas_wrapped\gui.py", line 64, in func
    logger.hr("Launcher config")
  File "E:\_projectsGithub\ALAS\alas_wrapped\module\logger.py", line 300, in hr
    logger.info(f"[bold]<<< {title} >>>[/bold]", extra={"markup": True})
  File "C:\Users\pmacl\AppData\Roaming\uv\python\cpython-3.9.23-windows-x86_64-none\lib\logging\__init__.py", line 1446, in info
    self._log(INFO, msg, args, **kwargs)
  File "C:\Users\pmacl\AppData\Roaming\uv\python\cpython-3.9.23-windows-x86_64-none\lib\logging\__init__.py", line 1589, in _log
    self.handle(record)
  File "C:\Users\pmacl\AppData\Roaming\uv\python\cpython-3.9.23-windows-x86_64-none\lib\logging\__init__.py", line 1599, in handle
    self.callHandlers(record)
  File "C:\Users\pmacl\AppData\Roaming\uv\python\cpython-3.9.23-windows-x86_64-none\lib\logging\__init__.py", line 1661, in callHandlers
    hdlr.handle(record)
  File "C:\Users\pmacl\AppData\Roaming\uv\python\cpython-3.9.23-windows-x86_64-none\lib\logging\__init__.py", line 952, in handle
    self.emit(record)
  File "E:\_projectsGithub\ALAS\alas_wrapped\.venv\lib\site-packages\rich\logging.py", line 156, in emit
    self.handleError(record)
Message: '[bold]<<< LAUNCHER CONFIG >>>[/bold]'
Arguments: ()
--- Logging error ---
Traceback (most recent call last):
  File "E:\_projectsGithub\ALAS\alas_wrapped\.venv\lib\site-packages\rich\logging.py", line 154, in emit
    self.console.print(log_renderable)
  File "E:\_projectsGithub\ALAS\alas_wrapped\.venv\lib\site-packages\rich\console.py", line 1637, in print
    self._buffer.extend(new_segments)
  File "E:\_projectsGithub\ALAS\alas_wrapped\.venv\lib\site-packages\rich\console.py", line 837, in __exit__
    self._exit_buffer()
  File "E:\_projectsGithub\ALAS\alas_wrapped\.venv\lib\site-packages\rich\console.py", line 795, in _exit_buffer
    self._check_buffer()
  File "E:\_projectsGithub\ALAS\alas_wrapped\.venv\lib\site-packages\rich\console.py", line 1927, in _check_buffer
    write(line)
  File "C:\Users\pmacl\AppData\Roaming\uv\python\cpython-3.9.23-windows-x86_64-none\lib\encodings\cp1252.py", line 19, in encode
    return codecs.charmap_encode(input,self.errors,encoding_table)[0]
UnicodeEncodeError: 'charmap' codec can't encode character '\u2502' in position 33: character maps to <undefined>
*** You may need to add PYTHONIOENCODING=utf-8 to your environment ***
Call stack:
  File "<string>", line 1, in <module>
  File "C:\Users\pmacl\AppData\Roaming\uv\python\cpython-3.9.23-windows-x86_64-none\lib\multiprocessing\spawn.py", line 116, in spawn_main
    exitcode = _main(fd, parent_sentinel)
  File "C:\Users\pmacl\AppData\Roaming\uv\python\cpython-3.9.23-windows-x86_64-none\lib\multiprocessing\spawn.py", line 129, in _main
    return self._bootstrap(parent_sentinel)
  File "C:\Users\pmacl\AppData\Roaming\uv\python\cpython-3.9.23-windows-x86_64-none\lib\multiprocessing\process.py", line 315, in _bootstrap
    self.run()
  File "C:\Users\pmacl\AppData\Roaming\uv\python\cpython-3.9.23-windows-x86_64-none\lib\multiprocessing\process.py", line 108, in run
    self._target(*self._args, **self._kwargs)
  File "E:\_projectsGithub\ALAS\alas_wrapped\gui.py", line 65, in func
    logger.attr("Host", host)
  File "E:\_projectsGithub\ALAS\alas_wrapped\module\logger.py", line 308, in attr
    logger.info('[%s] %s' % (str(name), str(text)))
  File "C:\Users\pmacl\AppData\Roaming\uv\python\cpython-3.9.23-windows-x86_64-none\lib\logging\__init__.py", line 1446, in info
    self._log(INFO, msg, args, **kwargs)
  File "C:\Users\pmacl\AppData\Roaming\uv\python\cpython-3.9.23-windows-x86_64-none\lib\logging\__init__.py", line 1589, in _log
    self.handle(record)
  File "C:\Users\pmacl\AppData\Roaming\uv\python\cpython-3.9.23-windows-x86_64-none\lib\logging\__init__.py", line 1599, in handle
    self.callHandlers(record)
  File "C:\Users\pmacl\AppData\Roaming\uv\python\cpython-3.9.23-windows-x86_64-none\lib\logging\__init__.py", line 1661, in callHandlers
    hdlr.handle(record)
  File "C:\Users\pmacl\AppData\Roaming\uv\python\cpython-3.9.23-windows-x86_64-none\lib\logging\__init__.py", line 952, in handle
    self.emit(record)
  File "E:\_projectsGithub\ALAS\alas_wrapped\.venv\lib\site-packages\rich\logging.py", line 156, in emit
    self.handleError(record)
Message: '[Host] 0.0.0.0'
Arguments: ()
--- Logging error ---
Traceback (most recent call last):
  File "E:\_projectsGithub\ALAS\alas_wrapped\.venv\lib\site-packages\rich\logging.py", line 154, in emit
    self.console.print(log_renderable)
  File "E:\_projectsGithub\ALAS\alas_wrapped\.venv\lib\site-packages\rich\console.py", line 1637, in print
    self._buffer.extend(new_segments)
  File "E:\_projectsGithub\ALAS\alas_wrapped\.venv\lib\site-packages\rich\console.py", line 837, in __exit__
    self._exit_buffer()
  File "E:\_projectsGithub\ALAS\alas_wrapped\.venv\lib\site-packages\rich\console.py", line 795, in _exit_buffer
    self._check_buffer()
  File "E:\_projectsGithub\ALAS\alas_wrapped\.venv\lib\site-packages\rich\console.py", line 1927, in _check_buffer
    write(line)
  File "C:\Users\pmacl\AppData\Roaming\uv\python\cpython-3.9.23-windows-x86_64-none\lib\encodings\cp1252.py", line 19, in encode
    return codecs.charmap_encode(input,self.errors,encoding_table)[0]
UnicodeEncodeError: 'charmap' codec can't encode character '\u2502' in position 33: character maps to <undefined>
*** You may need to add PYTHONIOENCODING=utf-8 to your environment ***
Call stack:
  File "<string>", line 1, in <module>
  File "C:\Users\pmacl\AppData\Roaming\uv\python\cpython-3.9.23-windows-x86_64-none\lib\multiprocessing\spawn.py", line 116, in spawn_main
    exitcode = _main(fd, parent_sentinel)
  File "C:\Users\pmacl\AppData\Roaming\uv\python\cpython-3.9.23-windows-x86_64-none\lib\multiprocessing\spawn.py", line 129, in _main
    return self._bootstrap(parent_sentinel)
  File "C:\Users\pmacl\AppData\Roaming\uv\python\cpython-3.9.23-windows-x86_64-none\lib\multiprocessing\process.py", line 315, in _bootstrap
    self.run()
  File "C:\Users\pmacl\AppData\Roaming\uv\python\cpython-3.9.23-windows-x86_64-none\lib\multiprocessing\process.py", line 108, in run
    self._target(*self._args, **self._kwargs)
  File "E:\_projectsGithub\ALAS\alas_wrapped\gui.py", line 66, in func
    logger.attr("Port", port)
  File "E:\_projectsGithub\ALAS\alas_wrapped\module\logger.py", line 308, in attr
    logger.info('[%s] %s' % (str(name), str(text)))
  File "C:\Users\pmacl\AppData\Roaming\uv\python\cpython-3.9.23-windows-x86_64-none\lib\logging\__init__.py", line 1446, in info
    self._log(INFO, msg, args, **kwargs)
  File "C:\Users\pmacl\AppData\Roaming\uv\python\cpython-3.9.23-windows-x86_64-none\lib\logging\__init__.py", line 1589, in _log
    self.handle(record)
  File "C:\Users\pmacl\AppData\Roaming\uv\python\cpython-3.9.23-windows-x86_64-none\lib\logging\__init__.py", line 1599, in handle
    self.callHandlers(record)
  File "C:\Users\pmacl\AppData\Roaming\uv\python\cpython-3.9.23-windows-x86_64-none\lib\logging\__init__.py", line 1661, in callHandlers
    hdlr.handle(record)
  File "C:\Users\pmacl\AppData\Roaming\uv\python\cpython-3.9.23-windows-x86_64-none\lib\logging\__init__.py", line 952, in handle
    self.emit(record)
  File "E:\_projectsGithub\ALAS\alas_wrapped\.venv\lib\site-packages\rich\logging.py", line 156, in emit
    self.handleError(record)
Message: '[Port] 22267'
Arguments: ()
--- Logging error ---
Traceback (most recent call last):
  File "E:\_projectsGithub\ALAS\alas_wrapped\.venv\lib\site-packages\rich\logging.py", line 154, in emit
    self.console.print(log_renderable)
  File "E:\_projectsGithub\ALAS\alas_wrapped\.venv\lib\site-packages\rich\console.py", line 1637, in print
    self._buffer.extend(new_segments)
  File "E:\_projectsGithub\ALAS\alas_wrapped\.venv\lib\site-packages\rich\console.py", line 837, in __exit__
    self._exit_buffer()
  File "E:\_projectsGithub\ALAS\alas_wrapped\.venv\lib\site-packages\rich\console.py", line 795, in _exit_buffer
    self._check_buffer()
  File "E:\_projectsGithub\ALAS\alas_wrapped\.venv\lib\site-packages\rich\console.py", line 1927, in _check_buffer
    write(line)
  File "C:\Users\pmacl\AppData\Roaming\uv\python\cpython-3.9.23-windows-x86_64-none\lib\encodings\cp1252.py", line 19, in encode
    return codecs.charmap_encode(input,self.errors,encoding_table)[0]
UnicodeEncodeError: 'charmap' codec can't encode character '\u2502' in position 33: character maps to <undefined>
*** You may need to add PYTHONIOENCODING=utf-8 to your environment ***
Call stack:
  File "<string>", line 1, in <module>
  File "C:\Users\pmacl\AppData\Roaming\uv\python\cpython-3.9.23-windows-x86_64-none\lib\multiprocessing\spawn.py", line 116, in spawn_main
    exitcode = _main(fd, parent_sentinel)
  File "C:\Users\pmacl\AppData\Roaming\uv\python\cpython-3.9.23-windows-x86_64-none\lib\multiprocessing\spawn.py", line 129, in _main
    return self._bootstrap(parent_sentinel)
  File "C:\Users\pmacl\AppData\Roaming\uv\python\cpython-3.9.23-windows-x86_64-none\lib\multiprocessing\process.py", line 315, in _bootstrap
    self.run()
  File "C:\Users\pmacl\AppData\Roaming\uv\python\cpython-3.9.23-windows-x86_64-none\lib\multiprocessing\process.py", line 108, in run
    self._target(*self._args, **self._kwargs)
  File "E:\_projectsGithub\ALAS\alas_wrapped\gui.py", line 67, in func
    logger.attr("SSL", ssl)
  File "E:\_projectsGithub\ALAS\alas_wrapped\module\logger.py", line 308, in attr
    logger.info('[%s] %s' % (str(name), str(text)))
  File "C:\Users\pmacl\AppData\Roaming\uv\python\cpython-3.9.23-windows-x86_64-none\lib\logging\__init__.py", line 1446, in info
    self._log(INFO, msg, args, **kwargs)
  File "C:\Users\pmacl\AppData\Roaming\uv\python\cpython-3.9.23-windows-x86_64-none\lib\logging\__init__.py", line 1589, in _log
    self.handle(record)
  File "C:\Users\pmacl\AppData\Roaming\uv\python\cpython-3.9.23-windows-x86_64-none\lib\logging\__init__.py", line 1599, in handle
    self.callHandlers(record)
  File "C:\Users\pmacl\AppData\Roaming\uv\python\cpython-3.9.23-windows-x86_64-none\lib\logging\__init__.py", line 1661, in callHandlers
    hdlr.handle(record)
  File "C:\Users\pmacl\AppData\Roaming\uv\python\cpython-3.9.23-windows-x86_64-none\lib\logging\__init__.py", line 952, in handle
    self.emit(record)
  File "E:\_projectsGithub\ALAS\alas_wrapped\.venv\lib\site-packages\rich\logging.py", line 156, in emit
    self.handleError(record)
Message: '[SSL] False'
Arguments: ()
--- Logging error ---
Traceback (most recent call last):
  File "E:\_projectsGithub\ALAS\alas_wrapped\.venv\lib\site-packages\rich\logging.py", line 154, in emit
    self.console.print(log_renderable)
  File "E:\_projectsGithub\ALAS\alas_wrapped\.venv\lib\site-packages\rich\console.py", line 1637, in print
    self._buffer.extend(new_segments)
  File "E:\_projectsGithub\ALAS\alas_wrapped\.venv\lib\site-packages\rich\console.py", line 837, in __exit__
    self._exit_buffer()
  File "E:\_projectsGithub\ALAS\alas_wrapped\.venv\lib\site-packages\rich\console.py", line 795, in _exit_buffer
    self._check_buffer()
  File "E:\_projectsGithub\ALAS\alas_wrapped\.venv\lib\site-packages\rich\console.py", line 1927, in _check_buffer
    write(line)
  File "C:\Users\pmacl\AppData\Roaming\uv\python\cpython-3.9.23-windows-x86_64-none\lib\encodings\cp1252.py", line 19, in encode
    return codecs.charmap_encode(input,self.errors,encoding_table)[0]
UnicodeEncodeError: 'charmap' codec can't encode character '\u2502' in position 33: character maps to <undefined>
*** You may need to add PYTHONIOENCODING=utf-8 to your environment ***
Call stack:
  File "<string>", line 1, in <module>
  File "C:\Users\pmacl\AppData\Roaming\uv\python\cpython-3.9.23-windows-x86_64-none\lib\multiprocessing\spawn.py", line 116, in spawn_main
    exitcode = _main(fd, parent_sentinel)
  File "C:\Users\pmacl\AppData\Roaming\uv\python\cpython-3.9.23-windows-x86_64-none\lib\multiprocessing\spawn.py", line 129, in _main
    return self._bootstrap(parent_sentinel)
  File "C:\Users\pmacl\AppData\Roaming\uv\python\cpython-3.9.23-windows-x86_64-none\lib\multiprocessing\process.py", line 315, in _bootstrap
    self.run()
  File "C:\Users\pmacl\AppData\Roaming\uv\python\cpython-3.9.23-windows-x86_64-none\lib\multiprocessing\process.py", line 108, in run
    self._target(*self._args, **self._kwargs)
  File "E:\_projectsGithub\ALAS\alas_wrapped\gui.py", line 68, in func
    logger.attr("Electron", args.electron)
  File "E:\_projectsGithub\ALAS\alas_wrapped\module\logger.py", line 308, in attr
    logger.info('[%s] %s' % (str(name), str(text)))
  File "C:\Users\pmacl\AppData\Roaming\uv\python\cpython-3.9.23-windows-x86_64-none\lib\logging\__init__.py", line 1446, in info
    self._log(INFO, msg, args, **kwargs)
  File "C:\Users\pmacl\AppData\Roaming\uv\python\cpython-3.9.23-windows-x86_64-none\lib\logging\__init__.py", line 1589, in _log
    self.handle(record)
  File "C:\Users\pmacl\AppData\Roaming\uv\python\cpython-3.9.23-windows-x86_64-none\lib\logging\__init__.py", line 1599, in handle
    self.callHandlers(record)
  File "C:\Users\pmacl\AppData\Roaming\uv\python\cpython-3.9.23-windows-x86_64-none\lib\logging\__init__.py", line 1661, in callHandlers
    hdlr.handle(record)
  File "C:\Users\pmacl\AppData\Roaming\uv\python\cpython-3.9.23-windows-x86_64-none\lib\logging\__init__.py", line 952, in handle
    self.emit(record)
  File "E:\_projectsGithub\ALAS\alas_wrapped\.venv\lib\site-packages\rich\logging.py", line 156, in emit
    self.handleError(record)
Message: '[Electron] True'
Arguments: ()
--- Logging error ---
Traceback (most recent call last):
  File "E:\_projectsGithub\ALAS\alas_wrapped\.venv\lib\site-packages\rich\logging.py", line 154, in emit
    self.console.print(log_renderable)
  File "E:\_projectsGithub\ALAS\alas_wrapped\.venv\lib\site-packages\rich\console.py", line 1637, in print
    self._buffer.extend(new_segments)
  File "E:\_projectsGithub\ALAS\alas_wrapped\.venv\lib\site-packages\rich\console.py", line 837, in __exit__
    self._exit_buffer()
  File "E:\_projectsGithub\ALAS\alas_wrapped\.venv\lib\site-packages\rich\console.py", line 795, in _exit_buffer
    self._check_buffer()
  File "E:\_projectsGithub\ALAS\alas_wrapped\.venv\lib\site-packages\rich\console.py", line 1927, in _check_buffer
    write(line)
  File "C:\Users\pmacl\AppData\Roaming\uv\python\cpython-3.9.23-windows-x86_64-none\lib\encodings\cp1252.py", line 19, in encode
    return codecs.charmap_encode(input,self.errors,encoding_table)[0]
UnicodeEncodeError: 'charmap' codec can't encode character '\u2502' in position 33: character maps to <undefined>
*** You may need to add PYTHONIOENCODING=utf-8 to your environment ***
Call stack:
  File "<string>", line 1, in <module>
  File "C:\Users\pmacl\AppData\Roaming\uv\python\cpython-3.9.23-windows-x86_64-none\lib\multiprocessing\spawn.py", line 116, in spawn_main
    exitcode = _main(fd, parent_sentinel)
  File "C:\Users\pmacl\AppData\Roaming\uv\python\cpython-3.9.23-windows-x86_64-none\lib\multiprocessing\spawn.py", line 129, in _main
    return self._bootstrap(parent_sentinel)
  File "C:\Users\pmacl\AppData\Roaming\uv\python\cpython-3.9.23-windows-x86_64-none\lib\multiprocessing\process.py", line 315, in _bootstrap
    self.run()
  File "C:\Users\pmacl\AppData\Roaming\uv\python\cpython-3.9.23-windows-x86_64-none\lib\multiprocessing\process.py", line 108, in run
    self._target(*self._args, **self._kwargs)
  File "E:\_projectsGithub\ALAS\alas_wrapped\gui.py", line 69, in func
    logger.attr("Reload", ev is not None)
  File "E:\_projectsGithub\ALAS\alas_wrapped\module\logger.py", line 308, in attr
    logger.info('[%s] %s' % (str(name), str(text)))
  File "C:\Users\pmacl\AppData\Roaming\uv\python\cpython-3.9.23-windows-x86_64-none\lib\logging\__init__.py", line 1446, in info
    self._log(INFO, msg, args, **kwargs)
  File "C:\Users\pmacl\AppData\Roaming\uv\python\cpython-3.9.23-windows-x86_64-none\lib\logging\__init__.py", line 1589, in _log
    self.handle(record)
  File "C:\Users\pmacl\AppData\Roaming\uv\python\cpython-3.9.23-windows-x86_64-none\lib\logging\__init__.py", line 1599, in handle
    self.callHandlers(record)
  File "C:\Users\pmacl\AppData\Roaming\uv\python\cpython-3.9.23-windows-x86_64-none\lib\logging\__init__.py", line 1661, in callHandlers
    hdlr.handle(record)
  File "C:\Users\pmacl\AppData\Roaming\uv\python\cpython-3.9.23-windows-x86_64-none\lib\logging\__init__.py", line 952, in handle
    self.emit(record)
  File "E:\_projectsGithub\ALAS\alas_wrapped\.venv\lib\site-packages\rich\logging.py", line 156, in emit
    self.handleError(record)
Message: '[Reload] True'
Arguments: ()
--- Logging error ---
Traceback (most recent call last):
  File "E:\_projectsGithub\ALAS\alas_wrapped\.venv\lib\site-packages\rich\logging.py", line 154, in emit
    self.console.print(log_renderable)
  File "E:\_projectsGithub\ALAS\alas_wrapped\.venv\lib\site-packages\rich\console.py", line 1637, in print
    self._buffer.extend(new_segments)
  File "E:\_projectsGithub\ALAS\alas_wrapped\.venv\lib\site-packages\rich\console.py", line 837, in __exit__
    self._exit_buffer()
  File "E:\_projectsGithub\ALAS\alas_wrapped\.venv\lib\site-packages\rich\console.py", line 795, in _exit_buffer
    self._check_buffer()
  File "E:\_projectsGithub\ALAS\alas_wrapped\.venv\lib\site-packages\rich\console.py", line 1927, in _check_buffer
    write(line)
  File "C:\Users\pmacl\AppData\Roaming\uv\python\cpython-3.9.23-windows-x86_64-none\lib\encodings\cp1252.py", line 19, in encode
    return codecs.charmap_encode(input,self.errors,encoding_table)[0]
UnicodeEncodeError: 'charmap' codec can't encode character '\u2502' in position 33: character maps to <undefined>
*** You may need to add PYTHONIOENCODING=utf-8 to your environment ***
Call stack:
  File "<string>", line 1, in <module>
  File "C:\Users\pmacl\AppData\Roaming\uv\python\cpython-3.9.23-windows-x86_64-none\lib\multiprocessing\spawn.py", line 116, in spawn_main
    exitcode = _main(fd, parent_sentinel)
  File "C:\Users\pmacl\AppData\Roaming\uv\python\cpython-3.9.23-windows-x86_64-none\lib\multiprocessing\spawn.py", line 129, in _main
    return self._bootstrap(parent_sentinel)
  File "C:\Users\pmacl\AppData\Roaming\uv\python\cpython-3.9.23-windows-x86_64-none\lib\multiprocessing\process.py", line 315, in _bootstrap
    self.run()
  File "C:\Users\pmacl\AppData\Roaming\uv\python\cpython-3.9.23-windows-x86_64-none\lib\multiprocessing\process.py", line 108, in run
    self._target(*self._args, **self._kwargs)
  File "E:\_projectsGithub\ALAS\alas_wrapped\gui.py", line 73, in func
    logger.info("Electron detected, remove log output to stdout")
  File "C:\Users\pmacl\AppData\Roaming\uv\python\cpython-3.9.23-windows-x86_64-none\lib\logging\__init__.py", line 1446, in info
    self._log(INFO, msg, args, **kwargs)
  File "C:\Users\pmacl\AppData\Roaming\uv\python\cpython-3.9.23-windows-x86_64-none\lib\logging\__init__.py", line 1589, in _log
    self.handle(record)
  File "C:\Users\pmacl\AppData\Roaming\uv\python\cpython-3.9.23-windows-x86_64-none\lib\logging\__init__.py", line 1599, in handle
    self.callHandlers(record)
  File "C:\Users\pmacl\AppData\Roaming\uv\python\cpython-3.9.23-windows-x86_64-none\lib\logging\__init__.py", line 1661, in callHandlers
    hdlr.handle(record)
  File "C:\Users\pmacl\AppData\Roaming\uv\python\cpython-3.9.23-windows-x86_64-none\lib\logging\__init__.py", line 952, in handle
    self.emit(record)
  File "E:\_projectsGithub\ALAS\alas_wrapped\.venv\lib\site-packages\rich\logging.py", line 156, in emit
    self.handleError(record)
Message: 'Electron detected, remove log output to stdout'
Arguments: ()
INFO:     Started server process [16356]
INFO:     Waiting for application startup.
INFO:     Application startup complete.
ERROR:    [Errno 10048] error while attempting to bind on address ('0.0.0.0', 22267): only one usage of each socket address (protocol/network address/port) is normally permitted
INFO:     Waiting for application shutdown.
'git' is not recognized as an internal or external command,
operable program or batch file.
'git' is not recognized as an internal or external command,
operable program or batch file.
'git' is not recognized as an internal or external command,
operable program or batch file.
INFO:     Application shutdown complete.
